Copyright 1986-2020 Xilinx, Inc. All Rights Reserved.
-----------------------------------------------------------------------------------------------------------------------
| Tool Version : Vivado v.2020.1 (lin64) Build 2902540 Wed May 27 19:54:35 MDT 2020
| Date         : Mon Jun 29 18:48:47 2026
| Host         : ganga running 64-bit Linux Mint 21.3
| Command      : report_utilization -file red_pitaya_top_utilization_synth.rpt -pb red_pitaya_top_utilization_synth.pb
| Design       : red_pitaya_top
| Device       : 7z010clg400-1
| Design State : Synthesized
-----------------------------------------------------------------------------------------------------------------------

Utilization Design Information

Table of Contents
-----------------
1. Slice Logic
1.1 Summary of Registers by Type
2. Memory
3. DSP
4. IO and GT Specific
5. Clocking
6. Specific Feature
7. Primitives
8. Black Boxes
9. Instantiated Netlists

1. Slice Logic
--------------

+----------------------------+------+-------+-----------+-------+
|          Site Type         | Used | Fixed | Available | Util% |
+----------------------------+------+-------+-----------+-------+
| Slice LUTs*                | 1679 |     0 |     17600 |  9.54 |
|   LUT as Logic             | 1674 |     0 |     17600 |  9.51 |
|   LUT as Memory            |    5 |     0 |      6000 |  0.08 |
|     LUT as Distributed RAM |    0 |     0 |           |       |
|     LUT as Shift Register  |    5 |     0 |           |       |
| Slice Registers            | 2169 |     0 |     35200 |  6.16 |
|   Register as Flip Flop    | 2152 |     0 |     35200 |  6.11 |
|   Register as Latch        |   17 |     0 |     35200 |  0.05 |
| F7 Muxes                   |    0 |     0 |      8800 |  0.00 |
| F8 Muxes                   |    0 |     0 |      4400 |  0.00 |
+----------------------------+------+-------+-----------+-------+
* Warning! The Final LUT count, after physical optimizations and full implementation, is typically lower. Run opt_design after synthesis, if not already completed, for a more realistic count.


1.1 Summary of Registers by Type
--------------------------------

+-------+--------------+-------------+--------------+
| Total | Clock Enable | Synchronous | Asynchronous |
+-------+--------------+-------------+--------------+
| 0     |            _ |           - |            - |
| 0     |            _ |           - |          Set |
| 0     |            _ |           - |        Reset |
| 0     |            _ |         Set |            - |
| 0     |            _ |       Reset |            - |
| 0     |          Yes |           - |            - |
| 0     |          Yes |           - |          Set |
| 34    |          Yes |           - |        Reset |
| 134   |          Yes |         Set |            - |
| 2001  |          Yes |       Reset |            - |
+-------+--------------+-------------+--------------+


2. Memory
---------

+-------------------+------+-------+-----------+-------+
|     Site Type     | Used | Fixed | Available | Util% |
+-------------------+------+-------+-----------+-------+
| Block RAM Tile    | 49.5 |     0 |        60 | 82.50 |
|   RAMB36/FIFO*    |   49 |     0 |        60 | 81.67 |
|     RAMB36E1 only |   49 |       |           |       |
|   RAMB18          |    1 |     0 |       120 |  0.83 |
|     RAMB18E1 only |    1 |       |           |       |
+-------------------+------+-------+-----------+-------+
* Note: Each Block RAM Tile only has one FIFO logic available and therefore can accommodate only one FIFO36E1 or one FIFO18E1. However, if a FIFO18E1 occupies a Block RAM Tile, that tile can still accommodate a RAMB18E1


3. DSP
------

+----------------+------+-------+-----------+-------+
|    Site Type   | Used | Fixed | Available | Util% |
+----------------+------+-------+-----------+-------+
| DSPs           |   40 |     0 |        80 | 50.00 |
|   DSP48E1 only |   40 |       |           |       |
+----------------+------+-------+-----------+-------+


4. IO and GT Specific
---------------------

+-----------------------------+------+-------+-----------+-------+
|          Site Type          | Used | Fixed | Available | Util% |
+-----------------------------+------+-------+-----------+-------+
| Bonded IOB                  |   97 |     0 |       100 | 97.00 |
| Bonded IPADs                |    0 |     0 |         2 |  0.00 |
| Bonded IOPADs               |    0 |     0 |       130 |  0.00 |
| PHY_CONTROL                 |    0 |     0 |         2 |  0.00 |
| PHASER_REF                  |    0 |     0 |         2 |  0.00 |
| OUT_FIFO                    |    0 |     0 |         8 |  0.00 |
| IN_FIFO                     |    0 |     0 |         8 |  0.00 |
| IDELAYCTRL                  |    0 |     0 |         2 |  0.00 |
| IBUFDS                      |    3 |     0 |        96 |  3.13 |
| PHASER_OUT/PHASER_OUT_PHY   |    0 |     0 |         8 |  0.00 |
| PHASER_IN/PHASER_IN_PHY     |    0 |     0 |         8 |  0.00 |
| IDELAYE2/IDELAYE2_FINEDELAY |    0 |     0 |       100 |  0.00 |
| ILOGIC                      |    1 |     0 |       100 |  1.00 |
|   ISERDES                   |    1 |       |           |       |
| OLOGIC                      |   22 |     0 |       100 | 22.00 |
|   OSERDES                   |    1 |       |           |       |
|   ODDR                      |   21 |       |           |       |
+-----------------------------+------+-------+-----------+-------+


5. Clocking
-----------

+--------------+------+-------+-----------+-------+
|   Site Type  | Used | Fixed | Available | Util% |
+--------------+------+-------+-----------+-------+
| BUFGCTRL     |   12 |     0 |        32 | 37.50 |
| BUFIO        |    1 |     0 |         8 | 12.50 |
|   BUFIO only |    1 |     0 |           |       |
| MMCME2_ADV   |    0 |     0 |         2 |  0.00 |
| PLLE2_ADV    |    1 |     0 |         2 | 50.00 |
| BUFMRCE      |    0 |     0 |         4 |  0.00 |
| BUFHCE       |    0 |     0 |        48 |  0.00 |
| BUFR         |    1 |     0 |         8 | 12.50 |
+--------------+------+-------+-----------+-------+


6. Specific Feature
-------------------

+-------------+------+-------+-----------+--------+
|  Site Type  | Used | Fixed | Available |  Util% |
+-------------+------+-------+-----------+--------+
| BSCANE2     |    0 |     0 |         4 |   0.00 |
| CAPTUREE2   |    0 |     0 |         1 |   0.00 |
| DNA_PORT    |    1 |     0 |         1 | 100.00 |
| EFUSE_USR   |    0 |     0 |         1 |   0.00 |
| FRAME_ECCE2 |    0 |     0 |         1 |   0.00 |
| ICAPE2      |    0 |     0 |         2 |   0.00 |
| STARTUPE2   |    0 |     0 |         1 |   0.00 |
| XADC        |    0 |     0 |         1 |   0.00 |
+-------------+------+-------+-----------+--------+


7. Primitives
-------------

+-----------+------+---------------------+
|  Ref Name | Used | Functional Category |
+-----------+------+---------------------+
| FDRE      | 2001 |        Flop & Latch |
| LUT3      |  755 |                 LUT |
| LUT2      |  375 |                 LUT |
| LUT6      |  372 |                 LUT |
| LUT5      |  173 |                 LUT |
| CARRY4    |  143 |          CarryLogic |
| FDSE      |  134 |        Flop & Latch |
| LUT4      |  115 |                 LUT |
| IBUF      |   54 |                  IO |
| LUT1      |   53 |                 LUT |
| RAMB36E1  |   49 |        Block Memory |
| DSP48E1   |   40 |    Block Arithmetic |
| OBUF      |   33 |                  IO |
| ODDR      |   21 |                  IO |
| LDCE      |   17 |        Flop & Latch |
| FDCE      |   17 |        Flop & Latch |
| OBUFT     |   16 |                  IO |
| BUFG      |   12 |               Clock |
| SRL16E    |    5 |  Distributed Memory |
| OBUFDS    |    4 |                  IO |
| IBUFDS    |    3 |                  IO |
| INV       |    2 |                 LUT |
| RAMB18E1  |    1 |        Block Memory |
| PLLE2_ADV |    1 |               Clock |
| OSERDESE2 |    1 |                  IO |
| ISERDESE2 |    1 |                  IO |
| DNA_PORT  |    1 |              Others |
| BUFR      |    1 |               Clock |
| BUFIO     |    1 |               Clock |
+-----------+------+---------------------+


8. Black Boxes
--------------

+-----------------------------------+------+
|              Ref Name             | Used |
+-----------------------------------+------+
| system_xadc_0                     |    1 |
| system_processing_system7_0       |    1 |
| system_proc_sys_reset_0           |    1 |
| system_axi_register_slice_0_0     |    1 |
| system_axi_protocol_converter_0_0 |    1 |
+-----------------------------------+------+


9. Instantiated Netlists
------------------------

+----------+------+
| Ref Name | Used |
+----------+------+


